
  Enter profile file name: 
  Enter transmit antenna height (>= 0, <= 30000) in meters: 
  Enter receive antenna height (>= 0, <= 30000) in meters: 
  Enter transmit frequency (>= 1, <= 40000) in MHz: 
  Enter confidence % (>= 0, <= 100) %: 
  Enter reliability % (>= 0, <= 100) %: 
  Enter variability type: 
  Enter polarization (V|H): 
  Enter relative permittivity (>= 0, <= 100): 
  Enter conductivity (>= 1e-05, <= 100) in Siemens per meter: 
  Enter refractivity (>= 200, <= 450) in M-units:   Radio Climates:
  1) Equatorial
  2) Continental Subtropical
  3) Maritime Tropical
  4) Desert
  5) Continental Temperate
  6) Maritime Temperate, Over Land
  7) Maritime Temperate, Over Sea
  Enter Climate: 
  ITM Output
  Loss    : 122.129 dB
  Errors  : 0
  Warnings: 0
  Terminal horizon angle, mrad              : 2.35203
  Terminal horizon angle, mrad              : 24.1958
  Terminal horizon distance, in meters      : 95500
  Terminal horizon distance, in meters      : 29000
  Terminal effective height, in meters      : 118.984
  Terminal effective height, in meters      : 47.2108
  Surface refractivity, in N-Units          : 303.072
  Terrain irregularity parameter, in meters : 516.744
  Reference attenuation, in dB              : 53.404
  Free space basic transmission loss, in dB : 123.896
  Path distance, in km                      : 124.5
  Mode of propagation value                 : 2
