
  Enter profile file name: 
  Enter transmit antenna height (>= 0, <= 30000) in meters: 
  Enter receive antenna height (>= 0, <= 30000) in meters: 
  Enter transmit frequency (>= 1, <= 40000) in MHz: 
  Enter time % (>= 0, <= 100) %: 
  Enter location % (>= 0, <= 100) %: 
  Enter situation % (>= 0, <= 100) %: 
  Enter variability type: 
  Enter polarization (V|H): 
  Enter relative permittivity (>= 0, <= 100): 
  Enter conductivity (>= 1e-05, <= 100) in Siemens per meter: 
  Enter refractivity (>= 200, <= 450) in M-units:   Radio Climates:
  1) Equatorial
  2) Continental Subtropical
  3) Maritime Tropical
  4) Desert
  5) Continental Temperate
  6) Maritime Temperate, Over Land
  7) Maritime Temperate, Over Sea
  Enter Climate: 
  ITM Output
  Loss    : 207.655 dB
  Errors  : 0
  Warnings: 0
  Terminal horizon angle, mrad              : -4.47876
  Terminal horizon angle, mrad              : -0.486248
  Terminal horizon distance, in meters      : 54288.1
  Terminal horizon distance, in meters      : 4099.1
  Terminal effective height, in meters      : 43.7504
  Terminal effective height, in meters      : 1
  Surface refractivity, in N-Units          : 298.86
  Terrain irregularity parameter, in meters : 96.9697
  Reference attenuation, in dB              : 82.1416
  Free space basic transmission loss, in dB : 130.997
  Path distance, in km                      : 367.819
  Mode of propagation value                 : 3
