
  Enter profile file name: 
  Enter transmit antenna height (>= 0, <= 30000) in meters: 
  Enter receive antenna height (>= 0, <= 30000) in meters: 
  Enter transmit frequency (>= 1, <= 40000) in MHz: 
  Enter time % (>= 0, <= 100) %: 
  Enter location % (>= 0, <= 100) %: 
  Enter situation % (>= 0, <= 100) %: 
  Enter variability type: 
  Enter polarization (V|H): 
  Enter relative permittivity (>= 0, <= 100): 
  Enter conductivity (>= 1e-05, <= 100) in Siemens per meter: 
  Enter refractivity (>= 200, <= 450) in M-units:   Radio Climates:
  1) Equatorial
  2) Continental Subtropical
  3) Maritime Tropical
  4) Desert
  5) Continental Temperate
  6) Maritime Temperate, Over Land
  7) Maritime Temperate, Over Sea
  Enter Climate: 
  ITM Output
  Loss    : 218.908 dB
  Errors  : 1
  Warnings: 1536
  Terminal horizon angle, mrad              : 22.7547
  Terminal horizon angle, mrad              : 113.838
  Terminal horizon distance, in meters      : 99.8652
  Terminal horizon distance, in meters      : 99.8652
  Terminal effective height, in meters      : 1.5
  Terminal effective height, in meters      : 10
  Surface refractivity, in N-Units          : 298.599
  Terrain irregularity parameter, in meters : 109.28
  Reference attenuation, in dB              : 85.9266
  Free space basic transmission loss, in dB : 139.459
  Path distance, in km                      : 25.4656
  Mode of propagation value                 : 2
