
  Enter profile file name: 
  Enter transmit antenna height (>= 0, <= 30000) in meters: 
  Enter receive antenna height (>= 0, <= 30000) in meters: 
  Enter transmit frequency (>= 1, <= 40000) in MHz: 
  Enter time % (>= 0, <= 100) %: 
  Enter location % (>= 0, <= 100) %: 
  Enter situation % (>= 0, <= 100) %: 
  Enter variability type: 
  Enter polarization (V|H): 
  Enter relative permittivity (>= 0, <= 100): 
  Enter conductivity (>= 1e-05, <= 100) in Siemens per meter: 
  Enter refractivity (>= 200, <= 450) in M-units:   Radio Climates:
  1) Equatorial
  2) Continental Subtropical
  3) Maritime Tropical
  4) Desert
  5) Continental Temperate
  6) Maritime Temperate, Over Land
  7) Maritime Temperate, Over Sea
  Enter Climate: 
  ITM Output
  Loss    : 183.256 dB
  Errors  : 0
  Warnings: 0
  Terminal horizon angle, mrad              : 2.89758
  Terminal horizon angle, mrad              : -1.30699
  Terminal horizon distance, in meters      : 23705.3
  Terminal horizon distance, in meters      : 4901.09
  Terminal effective height, in meters      : 9.92586
  Terminal effective height, in meters      : 14.4347
  Surface refractivity, in N-Units          : 299.196
  Terrain irregularity parameter, in meters : 33.3247
  Reference attenuation, in dB              : 35.659
  Free space basic transmission loss, in dB : 136.543
  Path distance, in km                      : 28.6064
  Mode of propagation value                 : 2
