
  Enter profile file name: 
  Enter transmit antenna height (>= 0, <= 30000) in meters: 
  Enter receive antenna height (>= 0, <= 30000) in meters: 
  Enter transmit frequency (>= 1, <= 40000) in MHz: 
  Enter time % (>= 0, <= 100) %: 
  Enter location % (>= 0, <= 100) %: 
  Enter situation % (>= 0, <= 100) %: 
  Enter variability type: 
  Enter polarization (V|H): 
  Enter relative permittivity (>= 0, <= 100): 
  Enter conductivity (>= 1e-05, <= 100) in Siemens per meter: 
  Enter refractivity (>= 200, <= 450) in M-units:   Radio Climates:
  1) Equatorial
  2) Continental Subtropical
  3) Maritime Tropical
  4) Desert
  5) Continental Temperate
  6) Maritime Temperate, Over Land
  7) Maritime Temperate, Over Sea
  Enter Climate: 
  ITM Output
  Loss    : 157.104 dB
  Errors  : 1
  Warnings: 1024
  Terminal horizon angle, mrad              : 112.569
  Terminal horizon angle, mrad              : 63.7214
  Terminal horizon distance, in meters      : 2991.27
  Terminal horizon distance, in meters      : 598.254
  Terminal effective height, in meters      : 23.1211
  Terminal effective height, in meters      : 15.5781
  Surface refractivity, in N-Units          : 277.331
  Terrain irregularity parameter, in meters : 815.223
  Reference attenuation, in dB              : 59.2611
  Free space basic transmission loss, in dB : 103.891
  Path distance, in km                      : 7.7773
  Mode of propagation value                 : 1
