
  Enter profile file name: 
  Enter transmit antenna height in meters: 
  Enter receive antenna height in meters: 
  Enter transmit frequency in MHz: 
  Enter polarization (V|H): 
  vrsion = 3.50    

  ====================================================
  TIREM Run
  ----------------------------------------------------
  tantht = 1.5 m
  rantht = 10 m
  propfq = 300 MHz
  refrac = 301 N
  conduc = 0.028 S/m
  permit = 15
  humid  = 10 g/m^3
  polarz = V   
  ----------------------------------------------------
  vrsion = 3.50    
  mode   = DIF 
  clear  = 0
  loss   = 179.876 dB
  fsplss = 123.888 dB
  tottro = 202.568 dB
  totdif = 179.876 dB
  abloss = 0 dB
  thet00 = 2.35867 deg
  txang  = 0.13386 deg
  rxang  = 1.38577 deg
  alphae = 0.549468 deg
  betae  = 1.8092 deg
  horztx = 192
  horzrx = 192
  sldist = 124500 m
  txdist = 124500 m
  rxdist = 124500 m
  ====================================================


  ====================================================
  SEM Run
  ----------------------------------------------------
  tantht = 1.5 m
  rantht = 10 m
  propfq = 300 MHz
  landht = 173.767 m
  pthlen = 124500 m
  refrac = 301 N
  conduc = 0.028 S/m
  permit = 15
  humid  = 10 g/m^3
  polarz = V   
  ----------------------------------------------------
  vrsion = 1.50    
  mode   = TRO 
  clear  = -1.25934
  loss   = 194.731 dB
  fsplss = 123.888 dB
  ====================================================
Do you wish to run TIREM again (y/n)? 
